[     445ms] [ERROR] Refused to set unsafe header "access-control-request-method" @ https://pitchfork.com/verso/static/1665.fd8c970ece7f6c91f683.js:0
[     445ms] [ERROR] Refused to set unsafe header "access-control-request-headers" @ https://pitchfork.com/verso/static/1665.fd8c970ece7f6c91f683.js:0
[     445ms] [ERROR] Refused to set unsafe header "user-agent" @ https://pitchfork.com/verso/static/1665.fd8c970ece7f6c91f683.js:0
[     445ms] [ERROR] Refused to set unsafe header "access-control-request-method" @ https://pitchfork.com/verso/static/1665.fd8c970ece7f6c91f683.js:0
[     445ms] [ERROR] Refused to set unsafe header "access-control-request-headers" @ https://pitchfork.com/verso/static/1665.fd8c970ece7f6c91f683.js:0
[     445ms] [ERROR] Refused to set unsafe header "user-agent" @ https://pitchfork.com/verso/static/1665.fd8c970ece7f6c91f683.js:0
[     446ms] [ERROR] Refused to set unsafe header "access-control-request-method" @ https://pitchfork.com/verso/static/1665.fd8c970ece7f6c91f683.js:0
[     446ms] [ERROR] Refused to set unsafe header "access-control-request-headers" @ https://pitchfork.com/verso/static/1665.fd8c970ece7f6c91f683.js:0
[     446ms] [ERROR] Refused to set unsafe header "user-agent" @ https://pitchfork.com/verso/static/1665.fd8c970ece7f6c91f683.js:0
[     449ms] [ERROR] Refused to set unsafe header "access-control-request-method" @ https://pitchfork.com/verso/static/1665.fd8c970ece7f6c91f683.js:0
[     449ms] [ERROR] Refused to set unsafe header "access-control-request-headers" @ https://pitchfork.com/verso/static/1665.fd8c970ece7f6c91f683.js:0
[     449ms] [ERROR] Refused to set unsafe header "user-agent" @ https://pitchfork.com/verso/static/1665.fd8c970ece7f6c91f683.js:0
[     651ms] [WARNING] [Meta Pixel] - Removed parameters from custom data due to potential violations. Go to Events Manager to learn more. @ https://cdn.quantummetric.com/qscripts/quantum-conde.js:110
[     738ms] [ERROR] Attestation check for Attribution Reporting on https://www.facebook.com failed. @ https://pitchfork.com/reviews/albums/radiohead-ok-computer-oknotok-1997-2017/:0
[     846ms] [WARNING] Allow attribute will take precedence over 'allowfullscreen'. @ https://player.cnevids.com/script/video/692e03848f0296695d271fc4.js?autoplay=1&muted=1&continuousPlay=1&hasCompanion=false&hideHoverTitle=1&hidePosterTitle=1&interludeOverride=true&onReady=setupInterlude1&playerType=interlude&recAlgorithm=sitewideInterludeVideoOverride&recStrategy=sitewideInterludeVideoOverride&showPlaylistBar=false&isFullBleed=false&isRightRail=false&onIframeReady=onIframeReady17720295177511&videoEmbedPosition=inlineInjected:0
[    2519ms] [ERROR] Attestation check for Shared Storage on https://www.googleadservices.com failed. @ https://www.googleadservices.com/pagead/managed/js/activeview/current/reach_worklet.html:0
[    2519ms] [ERROR] Attestation check for Shared Storage on https://www.googleadservices.com failed. @ https://www.googleadservices.com/pagead/managed/js/activeview/current/reach_worklet.html:0
[    3116ms] [ERROR] Attestation check for Shared Storage on https://www.googleadservices.com failed. @ https://www.googleadservices.com/pagead/managed/js/activeview/current/reach_worklet.html:0
[    2519ms] [ERROR] Attestation check for Shared Storage on https://www.googleadservices.com failed. @ https://www.googleadservices.com/pagead/managed/js/activeview/current/reach_worklet.html:0
[    3116ms] [ERROR] Attestation check for Shared Storage on https://www.googleadservices.com failed. @ https://www.googleadservices.com/pagead/managed/js/activeview/current/reach_worklet.html:0
[    3229ms] [ERROR] Attestation check for Shared Storage on https://www.googleadservices.com failed. @ https://www.googleadservices.com/pagead/managed/js/activeview/current/reach_worklet.html:0
[    2519ms] [ERROR] Attestation check for Shared Storage on https://www.googleadservices.com failed. @ https://www.googleadservices.com/pagead/managed/js/activeview/current/reach_worklet.html:0
[    3116ms] [ERROR] Attestation check for Shared Storage on https://www.googleadservices.com failed. @ https://www.googleadservices.com/pagead/managed/js/activeview/current/reach_worklet.html:0
[    3229ms] [ERROR] Attestation check for Shared Storage on https://www.googleadservices.com failed. @ https://www.googleadservices.com/pagead/managed/js/activeview/current/reach_worklet.html:0
[    3632ms] [ERROR] Attestation check for Shared Storage on https://www.googleadservices.com failed. @ https://www.googleadservices.com/pagead/managed/js/activeview/current/reach_worklet.html:0
[    5992ms] [ERROR] Failed to load resource: net::ERR_NAME_NOT_RESOLVED @ https://su.addthis.com/red/usync?pid=11124&puid=153472ce-efce-45b9-8557-5813cd3e4035&url=https%3a%2f%2fmatch.adsrvr.org%2ftrack%2fcmf%2fgeneric%3fttd_pid%3daddthis:0
[    2519ms] [ERROR] Attestation check for Shared Storage on https://www.googleadservices.com failed. @ https://www.googleadservices.com/pagead/managed/js/activeview/current/reach_worklet.html:0
[    3116ms] [ERROR] Attestation check for Shared Storage on https://www.googleadservices.com failed. @ https://www.googleadservices.com/pagead/managed/js/activeview/current/reach_worklet.html:0
[    3229ms] [ERROR] Attestation check for Shared Storage on https://www.googleadservices.com failed. @ https://www.googleadservices.com/pagead/managed/js/activeview/current/reach_worklet.html:0
[    3632ms] [ERROR] Attestation check for Shared Storage on https://www.googleadservices.com failed. @ https://www.googleadservices.com/pagead/managed/js/activeview/current/reach_worklet.html:0
[   33042ms] [ERROR] Attestation check for Shared Storage on https://www.googleadservices.com failed. @ https://www.googleadservices.com/pagead/managed/js/activeview/current/reach_worklet.html:0
[   33128ms] [ERROR] Failed to load resource: net::ERR_CONNECTION_RESET @ https://dt.adsafeprotected.com/dt?anId=931565&asId=6765769f-2d74-e1d3-35f9-16ed5ee0703d&tv=%7Bc:5dEfHl,time:29282,type:e,es:0,sc:1,ha:1,fgad:1,fif:1,gmnp:0,for:1,b11:0,cnod:1,gm:1,slTimes:%7Bi:29282,o:0,n:0,pp:0,pm:0%7D,slEvents:%5B%7Bsl:i,t:246,wc:22.53.1200.759,ac:22.173.1200.325,am:i,cc:22.173.1200.325,piv:100,obst:0,th:0,reas:,bkn:%7Bpiv:%5B29041~100%5D,as:%5B29041~1200.325%5D%7D%7D%5D,slEventCount:1,em:true,fr:true,e:,tt:jload,dtt:51,fm:vcfthrP+11%7C12%7C13%7C14%7C15%7C161%7C17%7C18%7C19%7C1a1%7C1a2%7C1a3%7C1b1%7C1c1%7C1c2%7C1c31%7C1c32%7C1c33%7C1c4%7C1c5%7C1d*.931565%7C1d1%7C1d2%7C1d3,idMap:1d*,rmeas:1,rend:1,renddet:DIV.qs.sn,siq:247,msd:0,ph:11820,igt:0,sis:331,hov:%5B3826,2,24652%5D%7D&br=c:0
[   33291ms] [ERROR] Failed to load resource: net::ERR_CONNECTION_RESET @ https://dt.adsafeprotected.com/dt?anId=931565&asId=6765769f-2d74-e1d3-35f9-16ed5ee0703d&tv=%7Bc:5dEfHm,pingTime:-1,time:29283,type:u,clog:%5B%7Bpiv:100,vs:i,r:,w:1200,h:325,t:246%7D%5D,ndt:15,es:0,sc:1,ha:1,fgad:1,fif:1,gmnp:0,for:1,b11:0,cnod:1,gm:1,slTimes:%7Bi:29283,o:0,n:0,pp:0,pm:0%7D,slEvents:%5B%7Bsl:i,t:246,wc:22.53.1200.759,ac:22.173.1200.325,am:i,cc:22.173.1200.325,piv:100,obst:0,th:0,reas:,bkn:%7Bpiv:%5B29042~100%5D,as:%5B29042~1200.325%5D%7D%7D%5D,slEventCount:1,em:true,fr:true,e:,tt:jload,dtt:51,metricIdList:%5Bpubl1,grpm1%5D,fm:vcfthrP+11%7C12%7C13%7C14%7C15%7C161%7C17%7C18%7C19%7C1a1%7C1a2%7C1a3%7C1b1%7C1c1%7C1c2%7C1c31%7C1c32%7C1c33%7C1c4%7C1c5%7C1d*.931565%7C1d1%7C1d2%7C1d3,idMap:1d*,rmeas:1,rend:1,renddet:DIV.qs.sn,lt:0,siq:247,msd:0,ph:11820,igt:0,sis:331,hov:%5B3826,2,24652%5D%7D&br=c:0
[   33465ms] [ERROR] Failed to load resource: net::ERR_CONNECTION_RESET @ https://dt.adsafeprotected.com/dt?anId=931565&asId=ba083083-f043-2922-e9a5-7a2ea9e6ddd1&tv=%7Bc:5dEfMo,pingTime:-8,time:219,type:l,es:0,sc:1,ha:1,fgad:1,fif:1,gmnp:0,for:1,b11:0,cnod:1,gm:1,slTimes:%7Bi:219,o:0,n:0,pp:0,pm:0%7D,slEvents:%5B%7Bsl:i,t:219,wc:22.53.1200.759,ac:22.173.1200.325,am:i,cc:22.173.1200.325,piv:100,obst:0,th:0,reas:,bkn:%7Bpiv:%5B7~100%5D,as:%5B7~1200.325%5D%7D%7D%5D,slEventCount:1,em:true,fr:true,e:,tt:jload,dtt:0,fm:vcftp5D+11%7C12%7C13%7C14%7C15%7C161%7C17%7C181%7C1821%7C1822%7C19%7C1a1%7C1a2%7C1a3%7C1b1%7C1c1%7C1c2%7C1c31%7C1c32%7C1c33%7C1c4%7C1c5%7C1d%7C1e%7C1f%7C1g1%7C1h1%7C1h2%7C1h3%7C1h4%7C1h5%7C1h6%7C1h7%7C1h8%7C1h9%7C1ha%7C1i%7C1j%7C1k*.931565%7C1k1%7C1k2%7C1k3,idMap:1k*,rmeas:1,rend:1,renddet:DIV.qs.sn,siq:219%7D&br=c:0
[   33572ms] [ERROR] Failed to load resource: net::ERR_CONNECTION_RESET @ https://dt.adsafeprotected.com/dt?anId=931565&asId=ba083083-f043-2922-e9a5-7a2ea9e6ddd1&tv=%7Bc:5dEfMs,pingTime:0,time:223,type:pf,clog:%5B%7Bpiv:100,vs:i,r:,w:1200,h:325,t:219%7D%5D,es:0,sc:1,ha:1,fgad:1,fif:1,gmnp:0,for:1,b11:0,cnod:1,gm:1,slTimes:%7Bi:223,o:0,n:0,pp:0,pm:0%7D,slEvents:%5B%7Bsl:i,t:219,wc:22.53.1200.759,ac:22.173.1200.325,am:i,cc:22.173.1200.325,piv:100,obst:0,th:0,reas:,bkn:%7Bpiv:%5B10~100%5D,as:%5B10~1200.325%5D%7D%7D%5D,slEventCount:1,em:true,fr:true,e:,tt:jload,dtt:0,fm:vcftp5D+11%7C12%7C13%7C14%7C15%7C161%7C17%7C181%7C1821%7C1822%7C19%7C1a1%7C1a2%7C1a3%7C1b1%7C1c1%7C1c2%7C1c31%7C1c32%7C1c33%7C1c4%7C1c5%7C1d%7C1e%7C1f%7C1g1%7C1h1%7C1h2%7C1h3%7C1h4%7C1h5%7C1h6%7C1h7%7C1h8%7C1h9%7C1ha%7C1i%7C1j%7C1k*.931565%7C1k1%7C1k2%7C1k3,idMap:1k*,rmeas:1,rend:1,renddet:DIV.qs.sn,siq:219,msd:0,ph:11714%7D&br=c:0
[   33627ms] [ERROR] Failed to load resource: net::ERR_CONNECTION_RESET @ https://dt.adsafeprotected.com/dt?anId=931565&asId=ba083083-f043-2922-e9a5-7a2ea9e6ddd1&tv=%7Bc:5dEfMv,time:226,type:e,im:%7Bsf:0%7D,sca:%7Bdfp:%7Bdf:4,sz:1200.325,dom:div%7D%7D,env:%7Bgca:false,cca:false,gca2:false%7D,es:0,sc:1,ha:1,fgad:1,fif:1,gmnp:0,for:1,b11:0,cnod:1,gm:1,slTimes:%7Bi:226,o:0,n:0,pp:0,pm:0%7D,slEvents:%5B%7Bsl:i,t:219,wc:22.53.1200.759,ac:22.173.1200.325,am:i,cc:22.173.1200.325,piv:100,obst:0,th:0,reas:,bkn:%7Bpiv:%5B13~100%5D,as:%5B13~1200.325%5D%7D%7D%5D,slEventCount:1,em:true,fr:true,e:,tt:jload,dtt:0,fm:vcftp5D+11%7C12%7C13%7C14%7C15%7C161%7C17%7C181%7C1821%7C1822%7C19%7C1a1%7C1a2%7C1a3%7C1b1%7C1c1%7C1c2%7C1c31%7C1c32%7C1c33%7C1c4%7C1c5%7C1d%7C1e%7C1f%7C1g1%7C1h1%7C1h2%7C1h3%7C1h4%7C1h5%7C1h6%7C1h7%7C1h8%7C1h9%7C1ha%7C1i%7C1j%7C1k*.931565%7C1k1%7C1k2%7C1k3,idMap:1k*,rmeas:1,rend:1,renddet:DIV.qs.sn,siq:219,msd:0,ph:11714,hov:%5B226,1,0%5D%7D&br=c:0
[   33627ms] [ERROR] Failed to load resource: net::ERR_CONNECTION_RESET @ https://dt.adsafeprotected.com/dt?anId=931565&asId=ba083083-f043-2922-e9a5-7a2ea9e6ddd1&tv=%7Bc:5dEfMw,pingTime:-2,time:227,type:a,im:%7Bpom:1,prf:%7BbeA:84,beZ:85,mfA:87,mfZ:94,cmA:296,inA:296,inZ:298,prA:298,prZ:300,si:303,poA:304,poZ:306,cmZ:307,loA:308,loZ:309,ltA:311,ltZ:311%7D%7D,clog:%5B%7Bpiv:100,vs:i,r:,w:1200,h:325,t:219%7D%5D,es:0,sc:1,ha:1,fgad:1,fif:1,gmnp:0,for:1,b11:0,cnod:1,gm:1,slTimes:%7Bi:227,o:0,n:0,pp:0,pm:0%7D,slEvents:%5B%7Bsl:i,t:219,wc:22.53.1200.759,ac:22.173.1200.325,am:i,cc:22.173.1200.325,piv:100,obst:0,th:0,reas:,bkn:%7Bpiv:%5B14~100%5D,as:%5B14~1200.325%5D%7D%7D%5D,slEventCount:1,em:true,fr:true,e:,tt:jload,dtt:0,fm:vcftp5D+11%7C12%7C13%7C14%7C15%7C161%7C17%7C181%7C1821%7C1822%7C19%7C1a1%7C1a2%7C1a3%7C1b1%7C1c1%7C1c2%7C1c31%7C1c32%7C1c33%7C1c4%7C1c5%7C1d%7C1e%7C1f%7C1g1%7C1h1%7C1h2%7C1h3%7C1h4%7C1h5%7C1h6%7C1h7%7C1h8%7C1h9%7C1ha%7C1i%7C1j%7C1k*.931565%7C1k1%7C1k2%7C1k3,idMap:1k*,pd:CV8L.internal-pdf-viewer,rmeas:1,rend:1,renddet:DIV.qs.sn,siq:219,slid:%5Bgoogle_ads_iframe_3379/conde.pitchfork/hero/reviews/article/1_0,google_ads_iframe_3379/conde.pitchfork/hero/reviews/article/1_0__container__,hero_0,cns-ads-slot-type-hero-0,app-root%5D,msd:0,ph:11714,hov:%5B226,1,0%5D,sinceFw:7,readyFired:true%7D&br=c:0
[   33637ms] [ERROR] Failed to load resource: net::ERR_CONNECTION_RESET @ https://dt.adsafeprotected.com/dt?anId=931565&asId=ba083083-f043-2922-e9a5-7a2ea9e6ddd1&tv=%7Bc:5dEfMP,time:246,type:e,env:%7Bar:6765769f-2d74-e1d3-35f9-16ed5ee0703d.1%7D,es:0,sc:1,ha:1,fgad:1,fif:1,gmnp:0,for:1,b11:0,cnod:1,gm:1,slTimes:%7Bi:246,o:0,n:0,pp:0,pm:0%7D,slEvents:%5B%7Bsl:i,t:219,wc:22.53.1200.759,ac:22.173.1200.325,am:i,cc:22.173.1200.325,piv:100,obst:0,th:0,reas:,bkn:%7Bpiv:%5B33~100%5D,as:%5B33~1200.325%5D%7D%7D%5D,slEventCount:1,em:true,fr:true,e:,tt:jload,dtt:0,fm:vcftp5D+11%7C12%7C13%7C14%7C15%7C161%7C17%7C181%7C1821%7C1822%7C19%7C1a1%7C1a2%7C1a3%7C1b1%7C1c1%7C1c2%7C1c31%7C1c32%7C1c33%7C1c4%7C1c5%7C1d%7C1e%7C1f%7C1g1%7C1h1%7C1h2%7C1h3%7C1h4%7C1h5%7C1h6%7C1h7%7C1h8%7C1h9%7C1ha%7C1i%7C1j%7C1k*.931565%7C1k1%7C1k2%7C1k3,idMap:1k*,rmeas:1,rend:1,renddet:DIV.qs.sn,siq:219,msd:0,ph:11714,hov:%5B226,1,0%5D,igt:0%7D&br=c:0
[   33639ms] [ERROR] Failed to load resource: net::ERR_CONNECTION_RESET @ https://dt.adsafeprotected.com/dt?anId=931565&asId=ba083083-f043-2922-e9a5-7a2ea9e6ddd1&tv=%7Bc:5dEfOm,time:341,type:e,es:0,sc:1,ha:1,fgad:1,fif:1,gmnp:0,for:1,b11:0,cnod:1,gm:1,slTimes:%7Bi:341,o:0,n:0,pp:0,pm:0%7D,slEvents:%5B%7Bsl:i,t:219,wc:22.53.1200.759,ac:22.173.1200.325,am:i,cc:22.173.1200.325,piv:100,obst:0,th:0,reas:,bkn:%7Bpiv:%5B128~100%5D,as:%5B128~1200.325%5D%7D%7D%5D,slEventCount:1,em:true,fr:true,e:,tt:jload,dtt:0,fm:vcftp5D+11%7C12%7C13%7C14%7C15%7C161%7C17%7C181%7C1821%7C1822%7C19%7C1a1%7C1a2%7C1a3%7C1b1%7C1c1%7C1c2%7C1c31%7C1c32%7C1c33%7C1c4%7C1c5%7C1d%7C1e%7C1f%7C1g1%7C1h1%7C1h2%7C1h3%7C1h4%7C1h5%7C1h6%7C1h7%7C1h8%7C1h9%7C1ha%7C1i%7C1j%7C1k*.931565%7C1k1%7C1k2%7C1k3,idMap:1k*,rmeas:1,rend:1,renddet:DIV.qs.sn,siq:219,msd:0,ph:11714,hov:%5B226,1,115%5D,igt:0,sis:310%7D&br=c:0
[   35661ms] [ERROR] Failed to load resource: net::ERR_NAME_NOT_RESOLVED @ https://pixel.advertising.com/ups/58222/sync?_origin=1&uid=4150311090429430000V10:0
[    2519ms] [ERROR] Attestation check for Shared Storage on https://www.googleadservices.com failed. @ https://www.googleadservices.com/pagead/managed/js/activeview/current/reach_worklet.html:0
[    3116ms] [ERROR] Attestation check for Shared Storage on https://www.googleadservices.com failed. @ https://www.googleadservices.com/pagead/managed/js/activeview/current/reach_worklet.html:0
[    3229ms] [ERROR] Attestation check for Shared Storage on https://www.googleadservices.com failed. @ https://www.googleadservices.com/pagead/managed/js/activeview/current/reach_worklet.html:0
[    3632ms] [ERROR] Attestation check for Shared Storage on https://www.googleadservices.com failed. @ https://www.googleadservices.com/pagead/managed/js/activeview/current/reach_worklet.html:0
[   33042ms] [ERROR] Attestation check for Shared Storage on https://www.googleadservices.com failed. @ https://www.googleadservices.com/pagead/managed/js/activeview/current/reach_worklet.html:0
[   63084ms] [ERROR] Failed to load resource: net::ERR_CONNECTION_CLOSED @ https://pitchfork.com/com.condenast/yv8:0
[   63085ms] [ERROR] Attestation check for Shared Storage on https://www.googleadservices.com failed. @ https://www.googleadservices.com/pagead/managed/js/activeview/current/reach_worklet.html:0
[    2519ms] [ERROR] Attestation check for Shared Storage on https://www.googleadservices.com failed. @ https://www.googleadservices.com/pagead/managed/js/activeview/current/reach_worklet.html:0
[    3116ms] [ERROR] Attestation check for Shared Storage on https://www.googleadservices.com failed. @ https://www.googleadservices.com/pagead/managed/js/activeview/current/reach_worklet.html:0
[    3229ms] [ERROR] Attestation check for Shared Storage on https://www.googleadservices.com failed. @ https://www.googleadservices.com/pagead/managed/js/activeview/current/reach_worklet.html:0
[    3632ms] [ERROR] Attestation check for Shared Storage on https://www.googleadservices.com failed. @ https://www.googleadservices.com/pagead/managed/js/activeview/current/reach_worklet.html:0
[   33042ms] [ERROR] Attestation check for Shared Storage on https://www.googleadservices.com failed. @ https://www.googleadservices.com/pagead/managed/js/activeview/current/reach_worklet.html:0
[   63085ms] [ERROR] Attestation check for Shared Storage on https://www.googleadservices.com failed. @ https://www.googleadservices.com/pagead/managed/js/activeview/current/reach_worklet.html:0
[   93248ms] [ERROR] Attestation check for Shared Storage on https://www.googleadservices.com failed. @ https://www.googleadservices.com/pagead/managed/js/activeview/current/reach_worklet.html:0
[   97075ms] [ERROR] Failed to load resource: the server responded with a status of 410 (Gone) @ https://ads.stickyadstv.com/pbs-user-sync?gdpr=&gdpr_consent=&us_privacy=&gpp=&gpp_sid=&r=https%3A%2F%2Fcookies.nextmillmedia.com%2Fsetuid%3Fbidder%3Dfreewheel-ssp%26nmuid%3D%26gdpr%3D%26gdpr_consent%3D%26us_privacy%3D%26uid%3D%7Bviewerid%7D:0
[   97167ms] [ERROR] Failed to load resource: net::ERR_CERT_COMMON_NAME_INVALID @ https://cs.openwebmedia.org/cs?aid=40017&id=RX-6e01caf6-90f0-4684-8c21-e54ccdff89a5-005:0
[   97167ms] [ERROR] Failed to load resource: net::ERR_CERT_COMMON_NAME_INVALID @ https://cs.openwebmedia.org/cs?aid=40017&id=RX-6e01caf6-90f0-4684-8c21-e54ccdff89a5-005:0
[   97167ms] [ERROR] Failed to load resource: net::ERR_CERT_COMMON_NAME_INVALID @ https://cs.openwebmedia.org/cs?aid=40017&id=RX-6e01caf6-90f0-4684-8c21-e54ccdff89a5-005:0
[   97233ms] [ERROR] Failed to load resource: the server responded with a status of 400 (Bad Request) @ https://measureadv.com/userIframe?gdpr=0&gdpr_consent=&p=2&redirect=https%3A%2F%2Fcs.yellowblue.io%2Fcs%3Ffwrd%3D1%26aid%3D11586%26id%3D%7BUID%7D&usp_consent=1NNN:0
[   97390ms] [ERROR] Failed to load resource: the server responded with a status of 424 (Failed Dependency) @ https://t.adx.opera.com/pub/sync?pubid=pub10101531197440&gdpr=1&gdpr_consent=:0
[   97636ms] [ERROR] Failed to load resource: the server responded with a status of 404 () @ https://id5-sync.com/k/155.gif?puid=AABmwk7TPg0AAAIQSMsetA&id5AccountNum=155&numCascadesAllowed=9&gdpr=0:0
[   97764ms] [ERROR] Failed to load resource: the server responded with a status of 503 () @ https://sync.inmobi.com/sync?redirect=https%3A%2F%2Fcs.openwebmp.com%2Fcs%3Ffwrd%3D1%26aid%3D40016%26id%3D%7BID5UID%7D&gdpr_consent=&gdpr=&us_privacy=&gdpr_pd=&source=5&google_push=&retry=:0
