[     397ms] ReferenceError: ga is not defined
    at https://www.albumoftheyear.org/album/1339-dr-dog-shame-shame.php:86:1
[    1363ms] [WARNING] [GPT] Using deprecated googletag.encryptedSignalProviders. Please use googletag.secureSignalProviders instead.
https://goo.gle/gpt-message#155 @ https://securepubads.g.doubleclick.net/pagead/managed/js/gpt/m202602190101/pubads_impl.js?cb=31096875:18
[    1813ms] [WARNING] [GPT] Using deprecated googletag.encryptedSignalProviders. Please use googletag.secureSignalProviders instead.
https://goo.gle/gpt-message#155 @ https://securepubads.g.doubleclick.net/pagead/managed/js/gpt/m202602190101/pubads_impl.js?cb=31096875:18
[    1996ms] [ERROR] Failed to load resource: the server responded with a status of 400 () @ https://idsync.rlcdn.com/712453.gif?partner_uid=user_03a1b3cf-e4d3-4e3c-8a37-a7f059c15b8a_1772029703677:0
[    1997ms] [ERROR] Attestation check for Protected Audience on https://ib.adnxs.com failed. @ https://www.albumoftheyear.org/album/1339-dr-dog-shame-shame.php:0
[    1997ms] [ERROR] Attestation check for Protected Audience on https://tlx.3lift.com failed. @ https://www.albumoftheyear.org/album/1339-dr-dog-shame-shame.php:0
[    1997ms] [ERROR] Attestation check for Protected Audience on https://rtb.openx.net failed. @ https://www.albumoftheyear.org/album/1339-dr-dog-shame-shame.php:0
[    1997ms] [ERROR] Attestation check for Protected Audience on https://hb.yellowblue.io failed. @ https://www.albumoftheyear.org/album/1339-dr-dog-shame-shame.php:0
[    1997ms] [ERROR] Attestation check for Protected Audience on https://direct.adsrvr.org failed. @ https://www.albumoftheyear.org/album/1339-dr-dog-shame-shame.php:0
[    1997ms] [ERROR] Attestation check for Protected Audience on https://grid-bidder.criteo.com failed. @ https://www.albumoftheyear.org/album/1339-dr-dog-shame-shame.php:0
[    1997ms] [ERROR] Attestation check for Protected Audience on https://exchange.cootlogix.com failed. @ https://www.albumoftheyear.org/album/1339-dr-dog-shame-shame.php:0
[    1997ms] [ERROR] Attestation check for Protected Audience on https://exchange.cootlogix.com failed. @ https://www.albumoftheyear.org/album/1339-dr-dog-shame-shame.php:0
[    1997ms] [ERROR] Attestation check for Protected Audience on https://exchange.cootlogix.com failed. @ https://www.albumoftheyear.org/album/1339-dr-dog-shame-shame.php:0
[    1997ms] [ERROR] Attestation check for Protected Audience on https://htlb.casalemedia.com failed. @ https://www.albumoftheyear.org/album/1339-dr-dog-shame-shame.php:0
[    1997ms] [ERROR] Attestation check for Protected Audience on https://btlr.sharethrough.com failed. @ https://www.albumoftheyear.org/album/1339-dr-dog-shame-shame.php:0
[    1997ms] [ERROR] Attestation check for Protected Audience on https://btlr.sharethrough.com failed. @ https://www.albumoftheyear.org/album/1339-dr-dog-shame-shame.php:0
[    1998ms] [ERROR] Attestation check for Protected Audience on https://btlr.sharethrough.com failed. @ https://www.albumoftheyear.org/album/1339-dr-dog-shame-shame.php:0
[    2007ms] [ERROR] Attestation check for Protected Audience on https://hbopenbid.pubmatic.com failed. @ https://www.albumoftheyear.org/album/1339-dr-dog-shame-shame.php:0
[    2147ms] [ERROR] Attestation check for Protected Audience on https://htlb.casalemedia.com failed. @ https://www.albumoftheyear.org/album/1339-dr-dog-shame-shame.php:0
[    2147ms] [ERROR] Attestation check for Protected Audience on https://btlr.sharethrough.com failed. @ https://www.albumoftheyear.org/album/1339-dr-dog-shame-shame.php:0
[    2147ms] [ERROR] Attestation check for Protected Audience on https://prebid-server.rubiconproject.com failed. @ https://www.albumoftheyear.org/album/1339-dr-dog-shame-shame.php:0
[    2147ms] [ERROR] Attestation check for Protected Audience on https://rtb.openx.net failed. @ https://www.albumoftheyear.org/album/1339-dr-dog-shame-shame.php:0
[    2147ms] [ERROR] Attestation check for Protected Audience on https://hb.yellowblue.io failed. @ https://www.albumoftheyear.org/album/1339-dr-dog-shame-shame.php:0
[    2147ms] [ERROR] Attestation check for Protected Audience on https://tlx.3lift.com failed. @ https://www.albumoftheyear.org/album/1339-dr-dog-shame-shame.php:0
[    2147ms] [ERROR] Attestation check for Protected Audience on https://grid-bidder.criteo.com failed. @ https://www.albumoftheyear.org/album/1339-dr-dog-shame-shame.php:0
[    2147ms] [ERROR] Attestation check for Protected Audience on https://ib.adnxs.com failed. @ https://www.albumoftheyear.org/album/1339-dr-dog-shame-shame.php:0
[    2147ms] [ERROR] Attestation check for Protected Audience on https://direct.adsrvr.org failed. @ https://www.albumoftheyear.org/album/1339-dr-dog-shame-shame.php:0
[    2147ms] [ERROR] Attestation check for Protected Audience on https://exchange.cootlogix.com failed. @ https://www.albumoftheyear.org/album/1339-dr-dog-shame-shame.php:0
[    2149ms] [ERROR] Attestation check for Protected Audience on https://hbopenbid.pubmatic.com failed. @ https://www.albumoftheyear.org/album/1339-dr-dog-shame-shame.php:0
[    2871ms] [WARNING] [Audigent] cannot find __gpp framework @ https://a.ad.gt/api/v1/u/matches/403?_it=amazon:0
[    2879ms] [ERROR] Failed to load resource: net::ERR_CONNECTION_RESET @ https://cs.krushmedia.com/feeeee7941a3729706aafcc88658ed50.gif?puid=566ed855-9a46-4da8-8c88-6dff5c4abc46&redir=https%3A%2F%2Fsync.go.sonobi.com%2Fus.gif%3Fnw%3Dkr%26nuid%3D[UID]:0
[    2896ms] [ERROR] Failed to load resource: the server responded with a status of 400 () @ https://cm.mgid.com/m?cdsp=834149&c=566ed855-9a46-4da8-8c88-6dff5c4abc46:0
[    4501ms] [WARNING] An iframe which has both allow-scripts and allow-same-origin for its sandbox attribute can escape its sandboxing. @ https://tagan.adlightning.com/playwire-redirects-standard/op.js:0
[    5243ms] [ERROR] Failed to load resource: the server responded with a status of 404 () @ https://sync.crwdcntrl.net/qmap?c=2700&tp=UNDR&gdpr=&gdpr_consent=&tpid=cjqu44lfwphl8bekwporqokuo:0
[    5513ms] [ERROR] Failed to load resource: net::ERR_NAME_NOT_RESOLVED @ https://usermatch.krxd.net/um/v2?partner=tapad:0
[    5528ms] [ERROR] Failed to load resource: the server responded with a status of 410 (Gone) @ https://ads.stickyadstv.com/pbs-user-sync?gdpr=&gdpr_consent=&us_privacy=&gpp=&gpp_sid=&r=https%3A%2F%2Fcookies.nextmillmedia.com%2Fsetuid%3Fbidder%3Dfreewheel-ssp%26nmuid%3D92914c88-2a98-4423-a519-37e0ae663348%26gdpr%3D%26gdpr_consent%3D%26us_privacy%3D%26uid%3D%7Bviewerid%7D:0
[    5565ms] [ERROR] Failed to load resource: the server responded with a status of 503 () @ https://sync.inmobi.com/oRTB?redirect=https%3A%2F%2Fcs.minutemedia-prebid.com%2Fcs%3Faid%3D21524%26id%3D%7BID5UID%7D:0
[    5811ms] [ERROR] Failed to load resource: the server responded with a status of 400 () @ https://cs.ingage.tech/v1/sync/equative/17ecfb2b-0b16-487a-b3f1-c3504304c5d4?uid=:0
[    5894ms] [ERROR] Attestation check for Shared Storage on https://www.googleadservices.com failed. @ https://www.googleadservices.com/pagead/managed/js/activeview/current/reach_worklet.html:0
[    5897ms] [ERROR] Attestation check for Shared Storage on https://www.googleadservices.com failed. @ https://www.googleadservices.com/pagead/managed/js/activeview/current/reach_worklet.html:0
[    5898ms] [ERROR] Attestation check for Shared Storage on https://www.googleadservices.com failed. @ https://www.googleadservices.com/pagead/managed/js/activeview/current/reach_worklet.html:0
[    5899ms] [ERROR] Attestation check for Shared Storage on https://www.googleadservices.com failed. @ https://www.googleadservices.com/pagead/managed/js/activeview/current/reach_worklet.html:0
[    5565ms] [ERROR] Failed to load resource: the server responded with a status of 503 () @ https://sync.inmobi.com/oRTB?redirect=https%3A%2F%2Fcs.minutemedia-prebid.com%2Fcs%3Faid%3D21524%26id%3D%7BID5UID%7D:0
[    5513ms] [ERROR] Failed to load resource: net::ERR_NAME_NOT_RESOLVED @ https://usermatch.krxd.net/um/v2?partner=tapad:0
[    6375ms] [ERROR] Failed to load resource: the server responded with a status of 424 (Failed Dependency) @ https://t.adx.opera.com/pub/sync?pubid=pub10101531197440&gdpr=1&gdpr_consent=:0
[    6375ms] [ERROR] Failed to load resource: the server responded with a status of 424 (Failed Dependency) @ https://t.adx.opera.com/pub/sync?pubid=pub10101531197440&gdpr=1&gdpr_consent=:0
[    5513ms] [ERROR] Failed to load resource: net::ERR_NAME_NOT_RESOLVED @ https://usermatch.krxd.net/um/v2?partner=tapad:0
[    6504ms] [ERROR] Failed to load resource: the server responded with a status of 424 (Failed Dependency) @ https://t.adx.opera.com/pub/sync?pubid=pub10101531197440&gdpr=1&gdpr_consent=:0
[    6735ms] [ERROR] Failed to load resource: the server responded with a status of 424 (Failed Dependency) @ https://t.adx.opera.com/pub/sync?pubid=pub10101531197440&gdpr=1&gdpr_consent=:0
[    9745ms] [ERROR] Failed to load resource: the server responded with a status of 400 () @ https://cs.ingage.tech/v1/sync/loopme/17ecfb2b-0b16-487a-b3f1-c3504304c5d4?uid=b500a5b7-5157-4db0-8241-31c02cf06848:0
[   10000ms] [ERROR] Failed to load resource: net::ERR_HTTP2_SERVER_REFUSED_STREAM @ https://cs.admanmedia.com/73c1e1bfc3bde354d60b80e601ae3914.gif?puid=[UID]&redir=https%3A%2F%2Fonetag-sys.com%2Fmatch%2F%3Fint_id%3D164%26gdpr%3D0%26gdpr_consent%3D%26uid%3D%5BUID%5D&gdpr=0&gdpr_consent=&ccpa=&coppa=:0
[   13206ms] [ERROR] Failed to load resource: the server responded with a status of 503 () @ https://sync.inmobi.com/sync?redirect=https%3A%2F%2Fsync.cootlogix.com%2Fapi%2Fcookie%3FpartnerId%3Dinmobi%26gdpr%3D%26gdpr_consent%3D%26us_privacy%3D%26userId%3D%7BID5UID%7D&gdpr_consent=&gdpr=&us_privacy=&gdpr_pd=&source=5&google_push=&retry=:0
[   14598ms] [ERROR] Failed to load resource: net::ERR_FAILED @ https://ssp.disqus.com/redirectuser?r=https%3A%2F%2Fmatch.sharethrough.com%2Fsync%2Fv1%3Fsource_id%3D7rkJAhPCWXbw9Lq5dZxc6TvN%26source_user_id%3D%24UID&partner=sharethrough:0
[   19091ms] [ERROR] Attestation check for Protected Audience on https://htlb.casalemedia.com failed. @ https://www.albumoftheyear.org/album/1339-dr-dog-shame-shame.php:0
[   19091ms] [ERROR] Attestation check for Protected Audience on https://tlx.3lift.com failed. @ https://www.albumoftheyear.org/album/1339-dr-dog-shame-shame.php:0
[   19091ms] [ERROR] Attestation check for Protected Audience on https://direct.adsrvr.org failed. @ https://www.albumoftheyear.org/album/1339-dr-dog-shame-shame.php:0
[   19091ms] [ERROR] Attestation check for Protected Audience on https://grid-bidder.criteo.com failed. @ https://www.albumoftheyear.org/album/1339-dr-dog-shame-shame.php:0
[   19091ms] [ERROR] Attestation check for Protected Audience on https://rtb.openx.net failed. @ https://www.albumoftheyear.org/album/1339-dr-dog-shame-shame.php:0
[   19091ms] [ERROR] Attestation check for Protected Audience on https://exchange.cootlogix.com failed. @ https://www.albumoftheyear.org/album/1339-dr-dog-shame-shame.php:0
[   19091ms] [ERROR] Attestation check for Protected Audience on https://btlr.sharethrough.com failed. @ https://www.albumoftheyear.org/album/1339-dr-dog-shame-shame.php:0
[   19091ms] [ERROR] Attestation check for Protected Audience on https://hb.yellowblue.io failed. @ https://www.albumoftheyear.org/album/1339-dr-dog-shame-shame.php:0
[   19091ms] [ERROR] Attestation check for Protected Audience on https://ib.adnxs.com failed. @ https://www.albumoftheyear.org/album/1339-dr-dog-shame-shame.php:0
[   19091ms] [ERROR] Attestation check for Protected Audience on https://prebid-server.rubiconproject.com failed. @ https://www.albumoftheyear.org/album/1339-dr-dog-shame-shame.php:0
[   19092ms] [ERROR] Attestation check for Protected Audience on https://hbopenbid.pubmatic.com failed. @ https://www.albumoftheyear.org/album/1339-dr-dog-shame-shame.php:0
[   19209ms] [ERROR] Failed to load resource: the server responded with a status of 400 (Bad Request) @ https://dmp.brand-display.com/cm3/pixel?pid=0020&pinit=1&redir=https%3A%2F%2Fps.eyeota.net%2Fmatch%3Fbid%3D2ri0rg0%26uid%3D%7B%25%25KNX_USER_ID%25%25%7D:0
[   20392ms] [ERROR] Attestation check for Shared Storage on https://securepubads.g.doubleclick.net failed. @ https://imasdk.googleapis.com/js/core/bridge3.744.0_en.html#deid=%22%22&eventfe_experiment_ids=%5B%5D&fid=%22goog_1717707141%22&genotype_experiment_data=%7B%22experimentStateProto%22%3A%22%5B%5B%5B45713128%2Cnull%2Cnull%2C%5B%5D%5D%2C%5Bnull%2C745150931%2Cnull%2C%5Bnull%2C1%5D%5D%2C%5Bnull%2C749060184%2Cnull%2C%5Bnull%2C128%5D%5D%2C%5B841585769%2Cnull%2Cnull%2C%5B1%5D%5D%2C%5B45761044%2Cnull%2Cnull%2C%5B%5D%5D%2C%5B45722344%2Cnull%2Cnull%2C%5B%5D%5D%2C%5B45706017%2Cnull%2Cnull%2C%5B1%5D%5D%2C%5B45740207%2Cnull%2Cnull%2C%5B%5D%5D%2C%5B45668885%2Cnull%2Cnull%2C%5B%5D%5D%2C%5B45685340%2Cnull%2Cnull%2C%5B%5D%5D%2C%5B45734716%2Cnull%2Cnull%2C%5B%5D%5D%2C%5B45735891%2Cnull%2Cnull%2C%5B%5D%5D%2C%5B45663239%2Cnull%2Cnull%2C%5B%5D%5D%2C%5B45715032%2Cnull%2Cnull%2C%5B1%5D%5D%2C%5B45661356%2Cnull%2Cnull%2C%5B%5D%5D%2C%5B839547366%2Cnull%2Cnull%2C%5B1%5D%5D%2C%5B45676441%2Cnull%2Cnull%2C%5B%5D%5D%2C%5B45675307%2Cnull%2Cnull%2C%5B1%5D%5D%2C%5B45675308%2Cnull%2Cnull%2C%5B1%5D%5D%2C%5Bnull%2C45645574%2Cnull%2C%5B%5D%5D%2C%5B45688859%2Cnull%2Cnull%2C%5B%5D%5D%2C%5B45656766%2Cnull%2Cnull%2C%5B%5D%5D%2C%5B45710689%2Cnull%2Cnull%2C%5B%5D%5D%2C%5B45710688%2Cnull%2Cnull%2C%5B1%5D%5D%2C%5B45685601%2Cnull%2Cnull%2C%5B%5D%5D%2C%5Bnull%2C45685602%2Cnull%2C%5Bnull%2C500%5D%5D%2C%5B45756824%2Cnull%2Cnull%2C%5B%5D%5D%2C%5B45747172%2Cnull%2Cnull%2C%5B%5D%5D%2C%5B775241416%2Cnull%2Cnull%2C%5B%5D%5D%2C%5B781107959%2Cnull%2Cnull%2C%5B%5D%5D%2C%5B781107958%2Cnull%2Cnull%2C%5B%5D%5D%2C%5B792614055%2Cnull%2Cnull%2C%5B%5D%5D%2C%5B781107957%2Cnull%2Cnull%2C%5B%5D%5D%2C%5B45729602%2Cnull%2Cnull%2C%5B%5D%5D%2C%5B45753603%2Cnull%2Cnull%2C%5B%5D%5D%2C%5B45753604%2Cnull%2Cnull%2C%5B%5D%5D%2C%5B45658982%2Cnull%2Cnull%2C%5B%5D%5D%2C%5B45725657%2Cnull%2Cnull%2C%5B%5D%5D%5D%2C%5B%5B16%2C%5B%5B1%2C%5B%5B31089630%5D%2C%5B31089631%2C%5B%5B45668885%2Cnull%2Cnull%2C%5B1%5D%5D%5D%5D%5D%5D%2C%5B1000%2C%5B%5B95332046%5D%5D%5D%2C%5Bnull%2C%5B%5B95332047%5D%5D%5D%2C%5B10%2C%5B%5B95338769%2C%5B%5Bnull%2C45645574%2Cnull%2C%5Bnull%2C1%5D%5D%5D%5D%2C%5B95338770%2C%5B%5Bnull%2C45645574%2Cnull%2C%5Bnull%2C2%5D%5D%5D%5D%5D%5D%2C%5B50%2C%5B%5B95345206%5D%2C%5B95345207%2C%5B%5B45661356%2Cnull%2Cnull%2C%5B1%5D%5D%5D%5D%5D%5D%2C%5B1%2C%5B%5B95351425%5D%2C%5B95351426%2C%5B%5B45676441%2Cnull%2Cnull%2C%5B1%5D%5D%5D%5D%5D%5D%2C%5B20%2C%5B%5B95356068%5D%2C%5B95356069%2C%5B%5B45685601%2Cnull%2Cnull%2C%5B%5D%5D%2C%5Bnull%2C45685602%2Cnull%2C%5B%5D%5D%5D%5D%2C%5B95356070%2C%5B%5B45685601%2Cnull%2Cnull%2C%5B1%5D%5D%2C%5Bnull%2C45685602%2Cnull%2C%5B%5D%5D%5D%5D%2C%5B95356071%2C%5B%5B45685601%2Cnull%2Cnull%2C%5B1%5D%5D%2C%5Bnull%2C45685602%2Cnull%2C%5Bnull%2C100%5D%5D%5D%5D%5D%5D%2C%5B1%2C%5B%5B95373378%2C%5B%5B792614055%2Cnull%2Cnull%2C%5B1%5D%5D%5D%5D%2C%5B95373379%2C%5B%5B45747172%2Cnull%2Cnull%2C%5B1%5D%5D%2C%5B781107959%2Cnull%2Cnull%2C%5B1%5D%5D%2C%5B792614055%2Cnull%2Cnull%2C%5B1%5D%5D%2C%5B781107957%2Cnull%2Cnull%2C%5B1%5D%5D%5D%5D%5D%5D%2C%5Bnull%2C%5B%5B95375930%5D%2C%5B95375931%2C%5B%5B45734716%2Cnull%2Cnull%2C%5B1%5D%5D%5D%5D%2C%5B95376520%2C%5B%5B45734716%2Cnull%2Cnull%2C%5B1%5D%5D%2C%5B45735891%2Cnull%2Cnull%2C%5B1%5D%5D%5D%5D%5D%5D%2C%5Bnull%2C%5B%5B95378095%5D%2C%5B95378096%2C%5B%5B45740207%2Cnull%2Cnull%2C%5B1%5D%5D%5D%5D%5D%5D%2C%5B10%2C%5B%5B95378629%5D%2C%5B95378630%2C%5B%5B45729602%2Cnull%2Cnull%2C%5B1%5D%5D%5D%5D%2C%5B95381582%2C%5B%5B45729602%2Cnull%2Cnull%2C%5B1%5D%5D%2C%5B45753603%2Cnull%2Cnull%2C%5B1%5D%5D%5D%5D%2C%5B95381583%2C%5B%5B45729602%2Cnull%2Cnull%2C%5B1%5D%5D%2C%5B45753604%2Cnull%2Cnull%2C%5B1%5D%5D%5D%5D%5D%5D%2C%5Bnull%2C%5B%5B95382403%5D%2C%5B95382404%2C%5B%5B45756824%2Cnull%2Cnull%2C%5B1%5D%5D%5D%5D%5D%5D%5D%5D%5D%2Cnull%2Cnull%2C%5Bnull%2C1000%2C1%2C1000%5D%5D%22%7D&imalib_experiments=%5B95322027%2C95331589%2C95332046%5D&is_eap_loader=false&managed_js_experiment_id=0&page_correlator=2371650159255476&pvsid=8368236825931700&top_accessible_page_url=%22https%3A%2F%2Fwww.albumoftheyear.org%2Falbum%2F1339-dr-dog-shame-shame.php%22:0
[   20597ms] [WARNING] The key "target-densitydpi" is not supported. @ https://s-static.innovid.com/mobileapps/s/js/vpaid/24d02n?cb=facf65d6-c7bc-799a-7fb1-440b9030fa92&deviceid=&ivc=ivc_bundle%3D%26ivc_geo_zip_us%3D55433%26audience_id%3D184185133%26iv_geo_dma%3D613%26iv_geo_country%3DUS%26iv_geo_city%3Dcoon+rapids%26iv_geo_state%3D%26iv_geo_zip%3D55433%26iv_geo_lat%3D45.1665%26iv_geo_lon%3D-93.3215%26:31
