[     108ms] [ERROR] Failed to load resource: net::ERR_FAILED @ https://eyeota.ck-ie.com/vdm677.gif?gdpr=%7BGDPR%7D&gdpr_consent=%7BGDPR_CONSENT%7D&redir=https://ps.eyeota.net/match?bid=4o6e2ru&uid=%7B$UID%7D:0
[     204ms] Uncaught ReferenceError: setTimeout is not defined
    at lc (https://pagead2.googlesyndication.com/pagead/managed/js/activeview/current/ufs_web_display.js:81:154)
    at nc (https://pagead2.googlesyndication.com/pagead/managed/js/activeview/current/ufs_web_display.js:81:233)
    at qc.next (https://pagead2.googlesyndication.com/pagead/managed/js/activeview/current/ufs_web_display.js:82:234)
    at n.ie (https://pagead2.googlesyndication.com/pagead/managed/js/activeview/current/ufs_web_display.js:81:755)
    at n.next (https://pagead2.googlesyndication.com/pagead/managed/js/activeview/current/ufs_web_display.js:81:522)
    at h (https://pagead2.googlesyndication.com/pagead/managed/js/activeview/current/ufs_web_display.js:94:476)
[     204ms] Uncaught ReferenceError: setTimeout is not defined
    at lc (https://pagead2.googlesyndication.com/pagead/managed/js/activeview/current/ufs_web_display.js:81:154)
    at nc (https://pagead2.googlesyndication.com/pagead/managed/js/activeview/current/ufs_web_display.js:81:233)
    at qc.next (https://pagead2.googlesyndication.com/pagead/managed/js/activeview/current/ufs_web_display.js:82:234)
    at n.ie (https://pagead2.googlesyndication.com/pagead/managed/js/activeview/current/ufs_web_display.js:81:755)
    at n.next (https://pagead2.googlesyndication.com/pagead/managed/js/activeview/current/ufs_web_display.js:81:522)
    at h (https://pagead2.googlesyndication.com/pagead/managed/js/activeview/current/ufs_web_display.js:94:476)
[     205ms] Uncaught ReferenceError: setTimeout is not defined
    at lc (https://pagead2.googlesyndication.com/pagead/managed/js/activeview/current/ufs_web_display.js:81:154)
    at nc (https://pagead2.googlesyndication.com/pagead/managed/js/activeview/current/ufs_web_display.js:81:233)
    at qc.next (https://pagead2.googlesyndication.com/pagead/managed/js/activeview/current/ufs_web_display.js:82:234)
    at n.ie (https://pagead2.googlesyndication.com/pagead/managed/js/activeview/current/ufs_web_display.js:81:755)
    at n.next (https://pagead2.googlesyndication.com/pagead/managed/js/activeview/current/ufs_web_display.js:81:522)
    at h (https://pagead2.googlesyndication.com/pagead/managed/js/activeview/current/ufs_web_display.js:94:476)
[     205ms] Uncaught ReferenceError: setTimeout is not defined
    at lc (https://pagead2.googlesyndication.com/pagead/managed/js/activeview/current/ufs_web_display.js:81:154)
    at nc (https://pagead2.googlesyndication.com/pagead/managed/js/activeview/current/ufs_web_display.js:81:233)
    at qc.next (https://pagead2.googlesyndication.com/pagead/managed/js/activeview/current/ufs_web_display.js:82:234)
    at n.ie (https://pagead2.googlesyndication.com/pagead/managed/js/activeview/current/ufs_web_display.js:81:755)
    at n.next (https://pagead2.googlesyndication.com/pagead/managed/js/activeview/current/ufs_web_display.js:81:522)
    at h (https://pagead2.googlesyndication.com/pagead/managed/js/activeview/current/ufs_web_display.js:94:476)
[     205ms] Uncaught ReferenceError: setTimeout is not defined
    at u (https://transparency.peer-39.com/api/init-6845t8qo4yd8s4f4if8a.js?FORMAT=display&TAG_TYPE=impression&DSP_ID=84101&DSP_NAME=dv360&AUCTION_ID=ABAjH0jlztAWMzvxR-HWObf6KLmM&ADVERTISER_ID=&ADVERTISER_NAME=generic&CAMPAIGN_ID=1010908778&CAMPAIGN_NAME=&TARGETING_GROUP_ID=19828481678&CREATIVE_NAME=&CREATIVE_ID=521953685&DSP_URL=albumoftheyear.org&DSP_APP_ID=&DSP_POSTAL_CODE=&DSP_COUNTRY=&DSP_DEVICE_TYPE=&DSP_AD_SIZE=&PUBLISHER_ID=104&EXCHANGE_ID=104&DEAL_ID=&ADSXT_PUBLISHER_ID=8CU11059L&AD_SYSTEM_DOMAIN=media.net:0:16722)
    at <anonymous> (https://transparency.peer-39.com/api/init-6845t8qo4yd8s4f4if8a.js?FORMAT=display&TAG_TYPE=impression&DSP_ID=84101&DSP_NAME=dv360&AUCTION_ID=ABAjH0jlztAWMzvxR-HWObf6KLmM&ADVERTISER_ID=&ADVERTISER_NAME=generic&CAMPAIGN_ID=1010908778&CAMPAIGN_NAME=&TARGETING_GROUP_ID=19828481678&CREATIVE_NAME=&CREATIVE_ID=521953685&DSP_URL=albumoftheyear.org&DSP_APP_ID=&DSP_POSTAL_CODE=&DSP_COUNTRY=&DSP_DEVICE_TYPE=&DSP_AD_SIZE=&PUBLISHER_ID=104&EXCHANGE_ID=104&DEAL_ID=&ADSXT_PUBLISHER_ID=8CU11059L&AD_SYSTEM_DOMAIN=media.net:0:17052)
    at <anonymous> (https://transparency.peer-39.com/api/init-6845t8qo4yd8s4f4if8a.js?FORMAT=display&TAG_TYPE=impression&DSP_ID=84101&DSP_NAME=dv360&AUCTION_ID=ABAjH0jlztAWMzvxR-HWObf6KLmM&ADVERTISER_ID=&ADVERTISER_NAME=generic&CAMPAIGN_ID=1010908778&CAMPAIGN_NAME=&TARGETING_GROUP_ID=19828481678&CREATIVE_NAME=&CREATIVE_ID=521953685&DSP_URL=albumoftheyear.org&DSP_APP_ID=&DSP_POSTAL_CODE=&DSP_COUNTRY=&DSP_DEVICE_TYPE=&DSP_AD_SIZE=&PUBLISHER_ID=104&EXCHANGE_ID=104&DEAL_ID=&ADSXT_PUBLISHER_ID=8CU11059L&AD_SYSTEM_DOMAIN=media.net:0:4752)
    at o (https://transparency.peer-39.com/api/init-6845t8qo4yd8s4f4if8a.js?FORMAT=display&TAG_TYPE=impression&DSP_ID=84101&DSP_NAME=dv360&AUCTION_ID=ABAjH0jlztAWMzvxR-HWObf6KLmM&ADVERTISER_ID=&ADVERTISER_NAME=generic&CAMPAIGN_ID=1010908778&CAMPAIGN_NAME=&TARGETING_GROUP_ID=19828481678&CREATIVE_NAME=&CREATIVE_ID=521953685&DSP_URL=albumoftheyear.org&DSP_APP_ID=&DSP_POSTAL_CODE=&DSP_COUNTRY=&DSP_DEVICE_TYPE=&DSP_AD_SIZE=&PUBLISHER_ID=104&EXCHANGE_ID=104&DEAL_ID=&ADSXT_PUBLISHER_ID=8CU11059L&AD_SYSTEM_DOMAIN=media.net:0:1584)
[     205ms] Uncaught ReferenceError: setTimeout is not defined
    at <anonymous> (https://warp.media.net/rtb/resources/release-20251026-237-adperformance.js:0:7809)
[     209ms] ReferenceError: ga is not defined
    at https://www.albumoftheyear.org/album/362-radiohead-ok-computer.php:86:1
[    2063ms] [WARNING] [GPT] Using deprecated googletag.encryptedSignalProviders. Please use googletag.secureSignalProviders instead.
https://goo.gle/gpt-message#155 @ https://securepubads.g.doubleclick.net/pagead/managed/js/gpt/m202602190101/pubads_impl.js?cb=31096875:18
[    2209ms] [ERROR] Failed to load resource: the server responded with a status of 400 () @ https://idsync.rlcdn.com/712453.gif?partner_uid=user_03a1b3cf-e4d3-4e3c-8a37-a7f059c15b8a_1772029703677:0
[    2228ms] [ERROR] Attestation check for Protected Audience on https://rtb.openx.net failed. @ https://www.albumoftheyear.org/album/362-radiohead-ok-computer.php:0
[    2228ms] [ERROR] Attestation check for Protected Audience on https://direct.adsrvr.org failed. @ https://www.albumoftheyear.org/album/362-radiohead-ok-computer.php:0
[    2228ms] [ERROR] Attestation check for Protected Audience on https://tlx.3lift.com failed. @ https://www.albumoftheyear.org/album/362-radiohead-ok-computer.php:0
[    2228ms] [ERROR] Attestation check for Protected Audience on https://exchange.cootlogix.com failed. @ https://www.albumoftheyear.org/album/362-radiohead-ok-computer.php:0
[    2228ms] [ERROR] Attestation check for Protected Audience on https://exchange.cootlogix.com failed. @ https://www.albumoftheyear.org/album/362-radiohead-ok-computer.php:0
[    2228ms] [ERROR] Attestation check for Protected Audience on https://exchange.cootlogix.com failed. @ https://www.albumoftheyear.org/album/362-radiohead-ok-computer.php:0
[    2228ms] [ERROR] Attestation check for Protected Audience on https://htlb.casalemedia.com failed. @ https://www.albumoftheyear.org/album/362-radiohead-ok-computer.php:0
[    2228ms] [ERROR] Attestation check for Protected Audience on https://btlr.sharethrough.com failed. @ https://www.albumoftheyear.org/album/362-radiohead-ok-computer.php:0
[    2228ms] [ERROR] Attestation check for Protected Audience on https://btlr.sharethrough.com failed. @ https://www.albumoftheyear.org/album/362-radiohead-ok-computer.php:0
[    2228ms] [ERROR] Attestation check for Protected Audience on https://btlr.sharethrough.com failed. @ https://www.albumoftheyear.org/album/362-radiohead-ok-computer.php:0
[    2228ms] [ERROR] Attestation check for Protected Audience on https://grid-bidder.criteo.com failed. @ https://www.albumoftheyear.org/album/362-radiohead-ok-computer.php:0
[    2228ms] [ERROR] Attestation check for Protected Audience on https://ib.adnxs.com failed. @ https://www.albumoftheyear.org/album/362-radiohead-ok-computer.php:0
[    2228ms] [ERROR] Attestation check for Protected Audience on https://hb.yellowblue.io failed. @ https://www.albumoftheyear.org/album/362-radiohead-ok-computer.php:0
[    2234ms] [ERROR] Attestation check for Protected Audience on https://hbopenbid.pubmatic.com failed. @ https://www.albumoftheyear.org/album/362-radiohead-ok-computer.php:0
[    2300ms] [ERROR] Attestation check for Protected Audience on https://grid-bidder.criteo.com failed. @ https://www.albumoftheyear.org/album/362-radiohead-ok-computer.php:0
[    2300ms] [ERROR] Attestation check for Protected Audience on https://htlb.casalemedia.com failed. @ https://www.albumoftheyear.org/album/362-radiohead-ok-computer.php:0
[    2300ms] [ERROR] Attestation check for Protected Audience on https://rtb.openx.net failed. @ https://www.albumoftheyear.org/album/362-radiohead-ok-computer.php:0
[    2300ms] [ERROR] Attestation check for Protected Audience on https://direct.adsrvr.org failed. @ https://www.albumoftheyear.org/album/362-radiohead-ok-computer.php:0
[    2300ms] [ERROR] Attestation check for Protected Audience on https://exchange.cootlogix.com failed. @ https://www.albumoftheyear.org/album/362-radiohead-ok-computer.php:0
[    2300ms] [ERROR] Attestation check for Protected Audience on https://tlx.3lift.com failed. @ https://www.albumoftheyear.org/album/362-radiohead-ok-computer.php:0
[    2300ms] [ERROR] Attestation check for Protected Audience on https://btlr.sharethrough.com failed. @ https://www.albumoftheyear.org/album/362-radiohead-ok-computer.php:0
[    2300ms] [ERROR] Attestation check for Protected Audience on https://ib.adnxs.com failed. @ https://www.albumoftheyear.org/album/362-radiohead-ok-computer.php:0
[    2300ms] [ERROR] Attestation check for Protected Audience on https://prebid-server.rubiconproject.com failed. @ https://www.albumoftheyear.org/album/362-radiohead-ok-computer.php:0
[    2300ms] [ERROR] Attestation check for Protected Audience on https://hb.yellowblue.io failed. @ https://www.albumoftheyear.org/album/362-radiohead-ok-computer.php:0
[    2305ms] [ERROR] Attestation check for Protected Audience on https://hbopenbid.pubmatic.com failed. @ https://www.albumoftheyear.org/album/362-radiohead-ok-computer.php:0
[    2488ms] [ERROR] Failed to load resource: the server responded with a status of 422 () @ https://match.sharethrough.com/FGMrCMMc/v1?gdpr=&gdpr_consent=&us_privacy=&gpp=&gpp_sid=&redirectUri=https%3A%2F%2Fprebid.intergient.com%2Fsetuid%3Fbidder%3Dsharethrough%26gdpr%3D%26gdpr_consent%3D%26gpp%3D%26gpp_sid%3D%26f%3Di%26uid%3D%24UID:0
[    3013ms] [WARNING] [Audigent] cannot find __gpp framework @ https://a.ad.gt/api/v1/u/matches/403?_it=amazon:0
[    3682ms] [ERROR] Attestation check for Shared Storage on https://securepubads.g.doubleclick.net failed. @ https://imasdk.googleapis.com/js/core/bridge3.744.0_en.html#deid=%22%22&eventfe_experiment_ids=%5B%5D&fid=%22goog_1471033661%22&genotype_experiment_data=%7B%22experimentStateProto%22%3A%22%5B%5B%5B45713128%2Cnull%2Cnull%2C%5B%5D%5D%2C%5Bnull%2C745150931%2Cnull%2C%5Bnull%2C1%5D%5D%2C%5Bnull%2C749060184%2Cnull%2C%5Bnull%2C128%5D%5D%2C%5B841585769%2Cnull%2Cnull%2C%5B1%5D%5D%2C%5B45761044%2Cnull%2Cnull%2C%5B%5D%5D%2C%5B45722344%2Cnull%2Cnull%2C%5B%5D%5D%2C%5B45706017%2Cnull%2Cnull%2C%5B1%5D%5D%2C%5B45740207%2Cnull%2Cnull%2C%5B%5D%5D%2C%5B45668885%2Cnull%2Cnull%2C%5B%5D%5D%2C%5B45685340%2Cnull%2Cnull%2C%5B%5D%5D%2C%5B45734716%2Cnull%2Cnull%2C%5B%5D%5D%2C%5B45735891%2Cnull%2Cnull%2C%5B%5D%5D%2C%5B45663239%2Cnull%2Cnull%2C%5B%5D%5D%2C%5B45715032%2Cnull%2Cnull%2C%5B1%5D%5D%2C%5B45661356%2Cnull%2Cnull%2C%5B%5D%5D%2C%5B839547366%2Cnull%2Cnull%2C%5B1%5D%5D%2C%5B45676441%2Cnull%2Cnull%2C%5B%5D%5D%2C%5B45675307%2Cnull%2Cnull%2C%5B1%5D%5D%2C%5B45675308%2Cnull%2Cnull%2C%5B1%5D%5D%2C%5Bnull%2C45645574%2Cnull%2C%5B%5D%5D%2C%5B45688859%2Cnull%2Cnull%2C%5B%5D%5D%2C%5B45656766%2Cnull%2Cnull%2C%5B%5D%5D%2C%5B45710689%2Cnull%2Cnull%2C%5B%5D%5D%2C%5B45710688%2Cnull%2Cnull%2C%5B1%5D%5D%2C%5B45685601%2Cnull%2Cnull%2C%5B%5D%5D%2C%5Bnull%2C45685602%2Cnull%2C%5Bnull%2C500%5D%5D%2C%5B45756824%2Cnull%2Cnull%2C%5B%5D%5D%2C%5B45747172%2Cnull%2Cnull%2C%5B%5D%5D%2C%5B775241416%2Cnull%2Cnull%2C%5B%5D%5D%2C%5B781107959%2Cnull%2Cnull%2C%5B%5D%5D%2C%5B781107958%2Cnull%2Cnull%2C%5B%5D%5D%2C%5B792614055%2Cnull%2Cnull%2C%5B%5D%5D%2C%5B781107957%2Cnull%2Cnull%2C%5B%5D%5D%2C%5B45729602%2Cnull%2Cnull%2C%5B%5D%5D%2C%5B45753603%2Cnull%2Cnull%2C%5B%5D%5D%2C%5B45753604%2Cnull%2Cnull%2C%5B%5D%5D%2C%5B45658982%2Cnull%2Cnull%2C%5B%5D%5D%2C%5B45725657%2Cnull%2Cnull%2C%5B%5D%5D%5D%2C%5B%5B16%2C%5B%5B1%2C%5B%5B31089630%5D%2C%5B31089631%2C%5B%5B45668885%2Cnull%2Cnull%2C%5B1%5D%5D%5D%5D%5D%5D%2C%5B1000%2C%5B%5B95332046%5D%5D%5D%2C%5Bnull%2C%5B%5B95332047%5D%5D%5D%2C%5B10%2C%5B%5B95338769%2C%5B%5Bnull%2C45645574%2Cnull%2C%5Bnull%2C1%5D%5D%5D%5D%2C%5B95338770%2C%5B%5Bnull%2C45645574%2Cnull%2C%5Bnull%2C2%5D%5D%5D%5D%5D%5D%2C%5B50%2C%5B%5B95345206%5D%2C%5B95345207%2C%5B%5B45661356%2Cnull%2Cnull%2C%5B1%5D%5D%5D%5D%5D%5D%2C%5B1%2C%5B%5B95351425%5D%2C%5B95351426%2C%5B%5B45676441%2Cnull%2Cnull%2C%5B1%5D%5D%5D%5D%5D%5D%2C%5B20%2C%5B%5B95356068%5D%2C%5B95356069%2C%5B%5B45685601%2Cnull%2Cnull%2C%5B%5D%5D%2C%5Bnull%2C45685602%2Cnull%2C%5B%5D%5D%5D%5D%2C%5B95356070%2C%5B%5B45685601%2Cnull%2Cnull%2C%5B1%5D%5D%2C%5Bnull%2C45685602%2Cnull%2C%5B%5D%5D%5D%5D%2C%5B95356071%2C%5B%5B45685601%2Cnull%2Cnull%2C%5B1%5D%5D%2C%5Bnull%2C45685602%2Cnull%2C%5Bnull%2C100%5D%5D%5D%5D%5D%5D%2C%5B1%2C%5B%5B95373378%2C%5B%5B792614055%2Cnull%2Cnull%2C%5B1%5D%5D%5D%5D%2C%5B95373379%2C%5B%5B45747172%2Cnull%2Cnull%2C%5B1%5D%5D%2C%5B781107959%2Cnull%2Cnull%2C%5B1%5D%5D%2C%5B792614055%2Cnull%2Cnull%2C%5B1%5D%5D%2C%5B781107957%2Cnull%2Cnull%2C%5B1%5D%5D%5D%5D%5D%5D%2C%5Bnull%2C%5B%5B95375930%5D%2C%5B95375931%2C%5B%5B45734716%2Cnull%2Cnull%2C%5B1%5D%5D%5D%5D%2C%5B95376520%2C%5B%5B45734716%2Cnull%2Cnull%2C%5B1%5D%5D%2C%5B45735891%2Cnull%2Cnull%2C%5B1%5D%5D%5D%5D%5D%5D%2C%5Bnull%2C%5B%5B95378095%5D%2C%5B95378096%2C%5B%5B45740207%2Cnull%2Cnull%2C%5B1%5D%5D%5D%5D%5D%5D%2C%5B10%2C%5B%5B95378629%5D%2C%5B95378630%2C%5B%5B45729602%2Cnull%2Cnull%2C%5B1%5D%5D%5D%5D%2C%5B95381582%2C%5B%5B45729602%2Cnull%2Cnull%2C%5B1%5D%5D%2C%5B45753603%2Cnull%2Cnull%2C%5B1%5D%5D%5D%5D%2C%5B95381583%2C%5B%5B45729602%2Cnull%2Cnull%2C%5B1%5D%5D%2C%5B45753604%2Cnull%2Cnull%2C%5B1%5D%5D%5D%5D%5D%5D%2C%5Bnull%2C%5B%5B95382403%5D%2C%5B95382404%2C%5B%5B45756824%2Cnull%2Cnull%2C%5B1%5D%5D%5D%5D%5D%5D%5D%5D%5D%2Cnull%2Cnull%2C%5Bnull%2C1000%2C1%2C1000%5D%5D%22%7D&imalib_experiments=%5B44752052%2C95322027%2C95331589%2C95332046%5D&is_eap_loader=false&managed_js_experiment_id=0&page_correlator=182824953914812&pvsid=8386661766201612&top_accessible_page_url=%22https%3A%2F%2Fwww.albumoftheyear.org%2Falbum%2F362-radiohead-ok-computer.php%22:0
[    3686ms] [WARNING] An iframe which has both allow-scripts and allow-same-origin for its sandbox attribute can escape its sandboxing. @ https://tagan.adlightning.com/playwire-redirects-standard/op.js:0
[    3745ms] [WARNING] An iframe which has both allow-scripts and allow-same-origin for its sandbox attribute can escape its sandboxing. @ https://tagan.adlightning.com/playwire-redirects-standard/op.js:0
[    3949ms] [ERROR] Attestation check for Shared Storage on https://www.googleadservices.com failed. @ https://www.googleadservices.com/pagead/managed/js/activeview/current/reach_worklet.html:0
[    3949ms] [ERROR] Attestation check for Shared Storage on https://www.googleadservices.com failed. @ https://www.googleadservices.com/pagead/managed/js/activeview/current/reach_worklet.html:0
[    3984ms] [ERROR] Attestation check for Shared Storage on https://www.googleadservices.com failed. @ https://www.googleadservices.com/pagead/managed/js/activeview/current/reach_worklet.html:0
[    4074ms] [WARNING] The key "target-densitydpi" is not supported. @ https://s-static.innovid.com/mobileapps/s/js/vpaid/24dgl7?cb=0d645f5a-644e-77db-c325-f0033e537de4&deviceid=&ivc=ivc_app_bundle_id%3Dwww.albumoftheyear.org%26ivc_deviceid_raw%3D%26ivc_inapp_optout%3D0%26ivc_transaction%3D7c90689a-47f7-4f22-9494-bf5772ec1b9a%26ivc_creativeid%3Deleuarkw%26ivc_placementid%3D32jwzhk%26ivc_dealid%3DMGNI-AP-15090%26ivc_publisherid%3D12556%26ivc_site%3Dwww.albumoftheyear.org%26ivc_supplyvendor%3Drubicon%26ivc_campaignid%3D48fc0r7%26ivc_dsp%3Dttd%26ivc_ttdimpid%3D7c90689a-47f7-4f22-9494-bf5772ec1b9a%26ivc_ttdid%3D153472ce-efce-45b9-8557-5813cd3e4035%26ivc_signalid%3D%26ivc_ttd_dco_mappingrule_macro%3D%26ivc_ttd_mappingrule_single_output%3D%26ivc_category%3Ddoubleverify-vv2iab-70%26ivc_dealID%3DMGNI-AP-15090%26DVP_PROG_REP%3D1%26DVP_DV_TT%3D4%26DVP_PP_ID%3D2%26prr%3D1%26DVP_DV_CT%3D2%26DVP_PP_IMP_ID%3D7c90689a-47f7-4f22-9494-bf5772ec1b9a%26DVP_PP_UID%3D153472ce-efce-45b9-8557-5813cd3e4035%26DVP_PP_DEAL_ID%3DMGNI-AP-15090%26DVP_TTD_1%3Dg4gduu2%26DVP_TTD_2%3D7qdfpvk%26DVP_TTD_3%3D32jwzhk%26DVP_TTD_4%3D48fc0r7%26DVP_TTD_5%3Deleuarkw%26DVP_TTD_6%3Drubicon%26DVP_TTD_7%3Ddoubleverify-vv2iab-70%26turl%3Dwww.albumoftheyear.org%252falbum%252f362-radiohead-ok-computer.php%26DVP_TTD_8%3D12556%26DVP_C5%3Dwww.albumoftheyear.org%26dipn%3Ddeviceid%26deviceid%3D%26ivc_deviceid_raw%3D%26ivc_p%3DNzUuNzMuMTEzLjM4%26ivc_u%3DTW96aWxsYS81LjAgKE1hY2ludG9zaDsgSW50ZWwgTWFjIE9TIFggMTBfMTVfNykgQXBwbGVXZWJLaXQvNTM3LjM2IChLSFRNTCwgbGlrZSBHZWNrbykgQ2hyb21lLzE0NS4wLjAuMCBTYWZhcmkvNTM3LjM2%26ivc_ts%3DMTc3MjAyOTczMzIyMQ%3D%3D%26ivc_r%3Db3JlZ29u%26ivc_xip%3DNzUuNzMuMTEzLjM4%26ivc_xua%3DTW96aWxsYS81LjAgKE1hY2ludG9zaDsgSW50ZWwgTWFjIE9TIFggMTBfMTVfNykgQXBwbGVXZWJLaXQvNTM3LjM2IChLSFRNTCwgbGlrZSBHZWNrbykgQ2hyb21lLzE0NS4wLjAuMCBTYWZhcmkvNTM3LjM2%26ivc_al%3DTm9fQWNjZXB0X0xhbmd1YWdlX0hlYWRlcg%3D%3D%26iv_geo_dma%3D613%26iv_geo_country%3DUS%26iv_geo_city%3DSaint+Paul%26iv_geo_state%3DMN%26iv_geo_zip%3D55130%26iv_geo_lat%3D44.9709%26iv_geo_lon%3D-93.0818%26:31
[    3949ms] [ERROR] Attestation check for Shared Storage on https://www.googleadservices.com failed. @ https://www.googleadservices.com/pagead/managed/js/activeview/current/reach_worklet.html:0
[    3984ms] [ERROR] Attestation check for Shared Storage on https://www.googleadservices.com failed. @ https://www.googleadservices.com/pagead/managed/js/activeview/current/reach_worklet.html:0
[    4399ms] [ERROR] Attestation check for Shared Storage on https://www.googleadservices.com failed. @ https://www.googleadservices.com/pagead/managed/js/activeview/current/reach_worklet.html:0
[    7193ms] [ERROR] Failed to load resource: net::ERR_TOO_MANY_REDIRECTS @ https://user-sync.fwmrm.net/ad/u?mode=user-register&dspid=24&dspuid=554BAC8E187F4A3FBD53D7865C59948C&gdpr=&gdpr_consent=&us_privacy=&gpp=&gpp_sid=:0
[    8110ms] [ERROR] Failed to load resource: net::ERR_FAILED @ https://static.aroa.io/sync/sync.php?eyeid=22KdGkGdCg8oHxaFmCT5DESg1-Iyxjg2wofv-ZwEbQXw:0
[    8114ms] [ERROR] Failed to load resource: net::ERR_FAILED @ https://visitor.fiftyt.com/p.gif?ev=sync&bstep=2&p=ey&uid=2GdqPiDz4EsMeXirFbrIleknYtsTL8PsqyX3aps0JBiE:0
[   10976ms] [WARNING] An iframe which has both allow-scripts and allow-same-origin for its sandbox attribute can escape its sandboxing. @ https://tagan.adlightning.com/playwire-redirects-standard/op.js:0
[   11023ms] [WARNING] [GPT] Slot med_rect_btf rendered inside of the viewport.
https://goo.gle/gpt-message#169 @ https://securepubads.g.doubleclick.net/pagead/managed/js/gpt/m202602190101/pubads_impl.js?cb=31096875:18
[    3949ms] [ERROR] Attestation check for Shared Storage on https://www.googleadservices.com failed. @ https://www.googleadservices.com/pagead/managed/js/activeview/current/reach_worklet.html:0
[    3984ms] [ERROR] Attestation check for Shared Storage on https://www.googleadservices.com failed. @ https://www.googleadservices.com/pagead/managed/js/activeview/current/reach_worklet.html:0
[    4399ms] [ERROR] Attestation check for Shared Storage on https://www.googleadservices.com failed. @ https://www.googleadservices.com/pagead/managed/js/activeview/current/reach_worklet.html:0
[    3949ms] [ERROR] Attestation check for Shared Storage on https://www.googleadservices.com failed. @ https://www.googleadservices.com/pagead/managed/js/activeview/current/reach_worklet.html:0
[    3984ms] [ERROR] Attestation check for Shared Storage on https://www.googleadservices.com failed. @ https://www.googleadservices.com/pagead/managed/js/activeview/current/reach_worklet.html:0
[    4399ms] [ERROR] Attestation check for Shared Storage on https://www.googleadservices.com failed. @ https://www.googleadservices.com/pagead/managed/js/activeview/current/reach_worklet.html:0
[   11301ms] [ERROR] Attestation check for Shared Storage on https://www.googleadservices.com failed. @ https://www.googleadservices.com/pagead/managed/js/activeview/current/reach_worklet.html:0
[   11303ms] [ERROR] Attestation check for Shared Storage on https://www.googleadservices.com failed. @ https://www.googleadservices.com/pagead/managed/js/activeview/current/reach_worklet.html:0
[    3949ms] [ERROR] Attestation check for Shared Storage on https://www.googleadservices.com failed. @ https://www.googleadservices.com/pagead/managed/js/activeview/current/reach_worklet.html:0
[    3984ms] [ERROR] Attestation check for Shared Storage on https://www.googleadservices.com failed. @ https://www.googleadservices.com/pagead/managed/js/activeview/current/reach_worklet.html:0
[    4399ms] [ERROR] Attestation check for Shared Storage on https://www.googleadservices.com failed. @ https://www.googleadservices.com/pagead/managed/js/activeview/current/reach_worklet.html:0
[   11301ms] [ERROR] Attestation check for Shared Storage on https://www.googleadservices.com failed. @ https://www.googleadservices.com/pagead/managed/js/activeview/current/reach_worklet.html:0
[   11303ms] [ERROR] Attestation check for Shared Storage on https://www.googleadservices.com failed. @ https://www.googleadservices.com/pagead/managed/js/activeview/current/reach_worklet.html:0
[   11431ms] [ERROR] Attestation check for Shared Storage on https://www.googleadservices.com failed. @ https://www.googleadservices.com/pagead/managed/js/activeview/current/reach_worklet.html:0
